{
  "version": "1.5.0",
  "plugins_used": [
    {
      "name": "ArtifactoryDetector"
    },
    {
      "name": "AWSKeyDetector"
    },
    {
      "name": "AzureStorageKeyDetector"
    },
    {
      "name": "Base64HighEntropyString",
      "limit": 4.5
    },
    {
      "name": "BasicAuthDetector"
    },
    {
      "name": "CloudantDetector"
    },
    {
      "name": "DiscordBotTokenDetector"
    },
    {
      "name": "GitHubTokenDetector"
    },
    {
      "name": "GitLabTokenDetector"
    },
    {
      "name": "HexHighEntropyString",
      "limit": 3.0
    },
    {
      "name": "IbmCloudIamDetector"
    },
    {
      "name": "IbmCosHmacDetector"
    },
    {
      "name": "IPPublicDetector"
    },
    {
      "name": "JwtTokenDetector"
    },
    {
      "name": "KeywordDetector",
      "keyword_exclude": ""
    },
    {
      "name": "MailchimpDetector"
    },
    {
      "name": "NpmDetector"
    },
    {
      "name": "OpenAIDetector"
    },
    {
      "name": "PrivateKeyDetector"
    },
    {
      "name": "PypiTokenDetector"
    },
    {
      "name": "SendGridDetector"
    },
    {
      "name": "SlackDetector"
    },
    {
      "name": "SoftlayerDetector"
    },
    {
      "name": "SquareOAuthDetector"
    },
    {
      "name": "StripeDetector"
    },
    {
      "name": "TelegramBotTokenDetector"
    },
    {
      "name": "TwilioKeyDetector"
    }
  ],
  "filters_used": [
    {
      "path": "detect_secrets.filters.allowlist.is_line_allowlisted"
    },
    {
      "path": "detect_secrets.filters.common.is_baseline_file",
      "filename": ".secrets.baseline"
    },
    {
      "path": "detect_secrets.filters.common.is_ignored_due_to_verification_policies",
      "min_level": 2
    },
    {
      "path": "detect_secrets.filters.heuristic.is_indirect_reference"
    },
    {
      "path": "detect_secrets.filters.heuristic.is_likely_id_string"
    },
    {
      "path": "detect_secrets.filters.heuristic.is_lock_file"
    },
    {
      "path": "detect_secrets.filters.heuristic.is_not_alphanumeric_string"
    },
    {
      "path": "detect_secrets.filters.heuristic.is_potential_uuid"
    },
    {
      "path": "detect_secrets.filters.heuristic.is_prefixed_with_dollar_sign"
    },
    {
      "path": "detect_secrets.filters.heuristic.is_sequential_string"
    },
    {
      "path": "detect_secrets.filters.heuristic.is_swagger_file"
    },
    {
      "path": "detect_secrets.filters.heuristic.is_templated_secret"
    }
  ],
  "results": {
    "migrations/versions/02ec868ca39a_add_version_to_communities.py": [
      {
        "type": "Hex High Entropy String",
        "filename": "migrations/versions/02ec868ca39a_add_version_to_communities.py",
        "hashed_secret": "8d75ddaacd1cf7c0489d86931845905cb46b2563",
        "is_verified": false,
        "line_number": 15
      }
    ],
    "migrations/versions/2c31e6ec57d1_add_identity_bounded_context.py": [
      {
        "type": "Hex High Entropy String",
        "filename": "migrations/versions/2c31e6ec57d1_add_identity_bounded_context.py",
        "hashed_secret": "ecbcbcee999d793d70afaff2ed8a6680573d7a63",
        "is_verified": false,
        "line_number": 15
      },
      {
        "type": "Hex High Entropy String",
        "filename": "migrations/versions/2c31e6ec57d1_add_identity_bounded_context.py",
        "hashed_secret": "4619cd0394da47afc966a5bcb9257195c5c117a6",
        "is_verified": false,
        "line_number": 16
      }
    ],
    "migrations/versions/db29b86f1672_add_version_to_owners.py": [
      {
        "type": "Hex High Entropy String",
        "filename": "migrations/versions/db29b86f1672_add_version_to_owners.py",
        "hashed_secret": "4619cd0394da47afc966a5bcb9257195c5c117a6",
        "is_verified": false,
        "line_number": 15
      },
      {
        "type": "Hex High Entropy String",
        "filename": "migrations/versions/db29b86f1672_add_version_to_owners.py",
        "hashed_secret": "8d75ddaacd1cf7c0489d86931845905cb46b2563",
        "is_verified": false,
        "line_number": 16
      }
    ],
    "src/domain/owner/value_objects.py": [
      {
        "type": "Base64 High Entropy String",
        "filename": "src/domain/owner/value_objects.py",
        "hashed_secret": "730f90d1f398a547038b8b49418ece6d252a6bea",
        "is_verified": false,
        "line_number": 21
      }
    ],
    "tests/e2e/api/test_assign_owner_to_unit.py": [
      {
        "type": "Secret Keyword",
        "filename": "tests/e2e/api/test_assign_owner_to_unit.py",
        "hashed_secret": "b7153935477653dc495a45a0b4474be60dd22b91",
        "is_verified": false,
        "line_number": 122
      }
    ],
    "tests/e2e/api/test_communities.py": [
      {
        "type": "Secret Keyword",
        "filename": "tests/e2e/api/test_communities.py",
        "hashed_secret": "b7153935477653dc495a45a0b4474be60dd22b91",
        "is_verified": false,
        "line_number": 99
      }
    ],
    "tests/e2e/api/test_owners.py": [
      {
        "type": "Secret Keyword",
        "filename": "tests/e2e/api/test_owners.py",
        "hashed_secret": "b7153935477653dc495a45a0b4474be60dd22b91",
        "is_verified": false,
        "line_number": 94
      }
    ],
    "tests/integration/infrastructure/test_account_repository.py": [
      {
        "type": "Secret Keyword",
        "filename": "tests/integration/infrastructure/test_account_repository.py",
        "hashed_secret": "f5b727d340bdce47ececaa83059eacb5b5b7b883",
        "is_verified": false,
        "line_number": 68
      },
      {
        "type": "Secret Keyword",
        "filename": "tests/integration/infrastructure/test_account_repository.py",
        "hashed_secret": "88ec53b9a1c54f2ae440cf0d4284ba0306697331",
        "is_verified": false,
        "line_number": 158
      },
      {
        "type": "Secret Keyword",
        "filename": "tests/integration/infrastructure/test_account_repository.py",
        "hashed_secret": "c0ea9e7487f2a28f80ce535994ac3bc7bc39d724",
        "is_verified": false,
        "line_number": 226
      },
      {
        "type": "Secret Keyword",
        "filename": "tests/integration/infrastructure/test_account_repository.py",
        "hashed_secret": "6390aa4110eef8bd6f320e2ae3bd7bb21a8ea1b8",
        "is_verified": false,
        "line_number": 261
      },
      {
        "type": "Secret Keyword",
        "filename": "tests/integration/infrastructure/test_account_repository.py",
        "hashed_secret": "858506c6976624637839dcb7b0a76ffae9b99639",
        "is_verified": false,
        "line_number": 262
      }
    ],
    "tests/integration/infrastructure/test_refresh_token_repository.py": [
      {
        "type": "Secret Keyword",
        "filename": "tests/integration/infrastructure/test_refresh_token_repository.py",
        "hashed_secret": "f5b727d340bdce47ececaa83059eacb5b5b7b883",
        "is_verified": false,
        "line_number": 63
      }
    ],
    "tests/unit/application/identity/test_login.py": [
      {
        "type": "Secret Keyword",
        "filename": "tests/unit/application/identity/test_login.py",
        "hashed_secret": "8f496788bffe8b052feeb2c64bbf8e38bdaec69b",
        "is_verified": false,
        "line_number": 18
      },
      {
        "type": "Secret Keyword",
        "filename": "tests/unit/application/identity/test_login.py",
        "hashed_secret": "d869db7fe62fb07c25a0403ecaea55031744b5fb",
        "is_verified": false,
        "line_number": 64
      },
      {
        "type": "Secret Keyword",
        "filename": "tests/unit/application/identity/test_login.py",
        "hashed_secret": "6809ffccad03b80fa1fbc32c17e7e054805ec30b",
        "is_verified": false,
        "line_number": 75
      }
    ],
    "tests/unit/application/identity/test_register_account.py": [
      {
        "type": "Secret Keyword",
        "filename": "tests/unit/application/identity/test_register_account.py",
        "hashed_secret": "b7153935477653dc495a45a0b4474be60dd22b91",
        "is_verified": false,
        "line_number": 34
      },
      {
        "type": "Secret Keyword",
        "filename": "tests/unit/application/identity/test_register_account.py",
        "hashed_secret": "4a950320ec1ab38b45e4f4aa2592f5bd676aa2e5",
        "is_verified": false,
        "line_number": 84
      }
    ],
    "tests/unit/domain/community/test_value_objects.py": [
      {
        "type": "Hex High Entropy String",
        "filename": "tests/unit/domain/community/test_value_objects.py",
        "hashed_secret": "74f134a481d3c983856923bd8718f51d8520b4b5",
        "is_verified": false,
        "line_number": 64
      }
    ],
    "tests/unit/domain/identity/test_account.py": [
      {
        "type": "Secret Keyword",
        "filename": "tests/unit/domain/identity/test_account.py",
        "hashed_secret": "4133ba6cf29dc237715d611c4cc82cd348a2c229",
        "is_verified": false,
        "line_number": 11
      }
    ],
    "tests/unit/domain/owner/test_value_objects.py": [
      {
        "type": "Base64 High Entropy String",
        "filename": "tests/unit/domain/owner/test_value_objects.py",
        "hashed_secret": "730f90d1f398a547038b8b49418ece6d252a6bea",
        "is_verified": false,
        "line_number": 8
      },
      {
        "type": "Hex High Entropy String",
        "filename": "tests/unit/domain/owner/test_value_objects.py",
        "hashed_secret": "211b8b86c4ed2c192aa9fa105e656d1facba10ab",
        "is_verified": false,
        "line_number": 17
      }
    ]
  },
  "generated_at": "2026-07-29T11:13:26Z"
}
